
> inventario-ganaderia-web@1.0.0 dev
> vite --host 127.0.0.1 --port 5173


  [32m[1mVITE[22m v5.4.21[39m  [2mready in [0m[1m563[22m[2m[0m ms[22m

  [32m➜[39m  [1mLocal[22m:   [36mhttp://127.0.0.1:[1m5173[22m/[39m
[2m9:07:36 p. m.[22m [36m[1m[vite][22m[39m [32m.env changed, restarting server...[39m
[2m9:07:36 p. m.[22m [36m[1m[vite][22m[39m [32m.env changed, restarting server...[39m
[2m9:07:36 p. m.[22m [36m[1m[vite][22m[39m server restarted.
[2m9:12:28 p. m.[22m [36m[1m[vite][22m[39m [32mpage reload [39m[2msrc/components/dashboard/DashboardHero.tsx[22m
[2m9:12:28 p. m.[22m [36m[1m[vite][22m[39m [32mpage reload [39m[2msrc/lib/dashboard.ts[22m
[2m9:12:28 p. m.[22m [36m[1m[vite][22m[39m [32mpage reload [39m[2msrc/components/dashboard/DashboardMetricCard.tsx[22m
[2m9:12:28 p. m.[22m [36m[1m[vite][22m[39m [32mhmr update [39m[2m/src/styles/globals.css, /src/app/App.tsx[22m
[2m9:14:32 p. m.[22m [36m[1m[vite][22m[39m [32m.env changed, restarting server...[39m
[2m9:14:32 p. m.[22m [36m[1m[vite][22m[39m server restarted.
[2m9:27:38 p. m.[22m [36m[1m[vite][22m[39m [32mpage reload [39m[2mtailwind.config.ts[22m
[2m9:27:57 p. m.[22m [36m[1m[vite][22m[39m [32mhmr update [39m[2m/src/styles/globals.css[22m
[2m9:27:57 p. m.[22m [36m[1m[vite][22m[39m [32mhmr update [39m[2m/src/components/dashboard/ChartCard.tsx, /src/styles/globals.css[22m
[2m9:28:03 p. m.[22m [36m[1m[vite][22m[39m [32mhmr update [39m[2m/src/components/dashboard/HerdCompositionCard.tsx, /src/styles/globals.css[22m
[2m9:28:03 p. m.[22m [36m[1m[vite][22m[39m [32mhmr update [39m[2m/src/components/dashboard/DashboardSkeleton.tsx, /src/styles/globals.css[22m
[2m9:29:37 p. m.[22m [36m[1m[vite][22m[39m [32mhmr update [39m[2m/src/app/pages/DashboardPage.tsx, /src/styles/globals.css[22m
[2m10:21:11 p. m.[22m [36m[1m[vite][22m[39m [32mvite.config.ts changed, restarting server...[39m
[2m10:21:11 p. m.[22m [36m[1m[vite][22m[39m server restarted.
[2m10:21:56 p. m.[22m [36m[1m[vite][22m[39m [32mvite.config.ts changed, restarting server...[39m
[2m10:21:56 p. m.[22m [36m[1m[vite][22m[39m server restarted.
